// Jest Snapshot v1, https://goo.gl/fbAQLP

exports[`QueueList renders correctly with given props 1`] = `
Array [
  <div
    className="form-group"
>
    <input
        className="form-control"
        id="searchBar"
        onChange={[Function]}
        placeholder="Search"
        type="input"
        value=""
    />
</div>,
  .emotion-1 {
  cursor: pointer;
}

.emotion-6 table.table :not(thead) tr:hover {
  border: 1px solid #99ccff;
  background-color: #ecf2ff;
}

<div
    className="react-bootstrap-table emotion-6"
>
    <table
        className="table table-striped table-bordered"
        id="Data"
    >
        <thead>
            <tr
                className={undefined}
            >
                <th
                    style={
                        Object {
                            "width": "23%",
                          }
                    }
                >
                    Name
                </th>
                <th
                    style={
                        Object {
                            "width": "23%",
                          }
                    }
                >
                    Active Message Count
                </th>
                <th
                    style={
                        Object {
                            "width": "23%",
                          }
                    }
                >
                    Deadletter Message Count
                </th>
                <th
                    style={
                        Object {
                            "width": "23%",
                          }
                    }
                >
                    Most Recent Dead Letter
                </th>
                <th
                    style={
                        Object {
                            "width": "8%",
                          }
                    }
                >
                     
                </th>
            </tr>
        </thead>
        <tbody>
            <tr
                className="emotion-0 emotion-1"
                onClick={[Function]}
                style={Object {}}
            >
                <td>
                    q1
                </td>
                <td
                    onClick={[Function]}
                    style={
                        Object {
                            "textAlign": "right",
                          }
                    }
                >
                    12
                </td>
                <td
                    onClick={[Function]}
                    style={
                        Object {
                            "textAlign": "right",
                          }
                    }
                >
                    14
                </td>
                <td
                    onClick={[Function]}
                />
                <td
                    onClick={[Function]}
                >
                    <button
                        aria-label="Edit"
                        className="btn btn-xs btn-default"
                        disabled={false}
                        onClick={[Function]}
                        type="button"
                    >
                        <span
                            className="glyphicon glyphicon-pencil"
                        />
                    </button>
                </td>
            </tr>
            <tr
                className="emotion-0 emotion-1"
                onClick={[Function]}
                style={Object {}}
            >
                <td>
                    q2
                </td>
                <td
                    onClick={[Function]}
                    style={
                        Object {
                            "textAlign": "right",
                          }
                    }
                >
                    11
                </td>
                <td
                    onClick={[Function]}
                    style={
                        Object {
                            "textAlign": "right",
                          }
                    }
                >
                    15
                </td>
                <td
                    onClick={[Function]}
                />
                <td
                    onClick={[Function]}
                >
                    <button
                        aria-label="Edit"
                        className="btn btn-xs btn-default"
                        disabled={false}
                        onClick={[Function]}
                        type="button"
                    >
                        <span
                            className="glyphicon glyphicon-pencil"
                        />
                    </button>
                </td>
            </tr>
            <tr
                className="emotion-0 emotion-1"
                onClick={[Function]}
                style={Object {}}
            >
                <td>
                    q3
                </td>
                <td
                    onClick={[Function]}
                    style={
                        Object {
                            "textAlign": "right",
                          }
                    }
                >
                    14
                </td>
                <td
                    onClick={[Function]}
                    style={
                        Object {
                            "textAlign": "right",
                          }
                    }
                >
                    16
                </td>
                <td
                    onClick={[Function]}
                />
                <td
                    onClick={[Function]}
                >
                    <button
                        aria-label="Edit"
                        className="btn btn-xs btn-default"
                        disabled={false}
                        onClick={[Function]}
                        type="button"
                    >
                        <span
                            className="glyphicon glyphicon-pencil"
                        />
                    </button>
                </td>
            </tr>
        </tbody>
    </table>
</div>,
]
`;
