// Jest Snapshot v1, https://goo.gl/fbAQLP

exports[`TopicList renders correctly with given props 1`] = `
Array [
  <div
    className="form-group"
>
    <input
        className="form-control"
        id="searchBar"
        onChange={[Function]}
        placeholder="Search"
        type="input"
        value=""
    />
</div>,
  .emotion-1 {
  cursor: pointer;
}

.emotion-4 table.table :not(thead) tr:hover {
  border: 1px solid #99ccff;
  background-color: #ecf2ff;
}

<div
    className="react-bootstrap-table emotion-4"
>
    <table
        className="table table-striped table-bordered"
        id="Data"
    >
        <thead>
            <tr
                className={undefined}
            >
                <th
                    style={
                        Object {
                            "width": "31%",
                          }
                    }
                >
                    Name
                </th>
                <th
                    style={
                        Object {
                            "width": "30%",
                          }
                    }
                >
                    Subscription Count
                </th>
                <th
                    style={
                        Object {
                            "width": "30%",
                          }
                    }
                >
                    Status
                </th>
                <th
                    style={
                        Object {
                            "width": "9%",
                          }
                    }
                >
                     
                </th>
            </tr>
        </thead>
        <tbody>
            <tr
                className="emotion-0 emotion-1"
                onClick={[Function]}
                style={Object {}}
            >
                <td>
                    topic 1
                </td>
                <td
                    onClick={[Function]}
                    style={
                        Object {
                            "textAlign": "right",
                          }
                    }
                >
                    10
                </td>
                <td
                    onClick={[Function]}
                >
                    okay
                </td>
                <td
                    onClick={[Function]}
                >
                    <button
                        aria-label="Edit"
                        className="btn btn-xs btn-default"
                        disabled={false}
                        onClick={[Function]}
                        type="button"
                    >
                        <span
                            className="glyphicon glyphicon-pencil"
                        />
                    </button>
                </td>
            </tr>
            <tr
                className="emotion-0 emotion-1"
                onClick={[Function]}
                style={Object {}}
            >
                <td>
                    topic 2
                </td>
                <td
                    onClick={[Function]}
                    style={
                        Object {
                            "textAlign": "right",
                          }
                    }
                >
                    12
                </td>
                <td
                    onClick={[Function]}
                >
                    okay
                </td>
                <td
                    onClick={[Function]}
                >
                    <button
                        aria-label="Edit"
                        className="btn btn-xs btn-default"
                        disabled={false}
                        onClick={[Function]}
                        type="button"
                    >
                        <span
                            className="glyphicon glyphicon-pencil"
                        />
                    </button>
                </td>
            </tr>
        </tbody>
    </table>
</div>,
  <div
    className="row react-bootstrap-table-pagination"
>
    <div
        className="col-md-6 col-xs-6 col-sm-6 col-lg-6"
    >
        <span
            className="react-bs-table-sizePerPage-dropdown dropdown"
            style={
                Object {
                    "visibility": "visible",
                  }
            }
        >
            <button
                aria-expanded={false}
                className="btn btn-default btn-secondary dropdown-toggle"
                data-toggle="dropdown"
                id="pageDropDown"
                onBlur={[Function]}
                onClick={[Function]}
            >
                25
                 
                <span>
                    <span
                        className="caret"
                    />
                </span>
            </button>
            <ul
                aria-labelledby="pageDropDown"
                className="dropdown-menu "
                role="menu"
            >
                <li
                    className="dropdown-item"
                    role="presentation"
                >
                    <a
                        data-page={10}
                        href="#"
                        onMouseDown={[Function]}
                        role="menuitem"
                        tabIndex="-1"
                    >
                        10
                    </a>
                </li>
                <li
                    className="dropdown-item"
                    role="presentation"
                >
                    <a
                        data-page={25}
                        href="#"
                        onMouseDown={[Function]}
                        role="menuitem"
                        tabIndex="-1"
                    >
                        25
                    </a>
                </li>
                <li
                    className="dropdown-item"
                    role="presentation"
                >
                    <a
                        data-page={50}
                        href="#"
                        onMouseDown={[Function]}
                        role="menuitem"
                        tabIndex="-1"
                    >
                        50
                    </a>
                </li>
                <li
                    className="dropdown-item"
                    role="presentation"
                >
                    <a
                        data-page={100}
                        href="#"
                        onMouseDown={[Function]}
                        role="menuitem"
                        tabIndex="-1"
                    >
                        100
                    </a>
                </li>
            </ul>
        </span>
    </div>
    <div
        className="react-bootstrap-table-pagination-list col-md-6 col-xs-6 col-sm-6 col-lg-6"
    >
        <ul
            className="pagination react-bootstrap-table-page-btns-ul"
        >
            <li
                className="active page-item"
                title="1"
            >
                <a
                    className="page-link"
                    href="#"
                    onClick={[Function]}
                >
                    1
                </a>
            </li>
        </ul>
    </div>
</div>,
]
`;
