// Jest Snapshot v1, https://goo.gl/fbAQLP

exports[`TopicList renders correctly with given props 1`] = `
Array [
  <div
    className="form-group"
>
    <input
        className="form-control"
        id="searchBar"
        onChange={[Function]}
        placeholder="Search"
        type="input"
        value=""
    />
</div>,
  .emotion-4 {
  cursor: pointer;
}

.emotion-0 {
  min-height: 92px;
  height: 92px;
}

.emotion-7 table.table :not(thead) tr:hover {
  border: 1px solid #99ccff;
  background-color: #ecf2ff;
}

<div
    className="react-bootstrap-table emotion-7"
>
    <table
        className="table table-striped table-bordered"
        id="Data"
    >
        <thead>
            <tr
                className={undefined}
            >
                <th
                    className="emotion-0"
                    style={
                        Object {
                            "width": "34%",
                          }
                    }
                >
                    Name
                </th>
                <th
                    className="emotion-0"
                    style={
                        Object {
                            "width": "33%",
                          }
                    }
                >
                    Subscription Count
                </th>
                <th
                    className="emotion-0"
                    style={
                        Object {
                            "width": "33%",
                          }
                    }
                >
                    Status
                </th>
            </tr>
        </thead>
        <tbody>
            <tr
                className="emotion-3 emotion-4"
                onClick={[Function]}
                style={Object {}}
            >
                <td>
                    topic 1
                </td>
                <td
                    onClick={[Function]}
                    style={
                        Object {
                            "textAlign": "right",
                          }
                    }
                >
                    10
                </td>
                <td
                    onClick={[Function]}
                >
                    okay
                </td>
            </tr>
            <tr
                className="emotion-3 emotion-4"
                onClick={[Function]}
                style={Object {}}
            >
                <td>
                    topic 2
                </td>
                <td
                    onClick={[Function]}
                    style={
                        Object {
                            "textAlign": "right",
                          }
                    }
                >
                    12
                </td>
                <td
                    onClick={[Function]}
                >
                    okay
                </td>
            </tr>
        </tbody>
    </table>
</div>,
]
`;
