// Jest Snapshot v1, https://goo.gl/fbAQLP

exports[`renders correctly before data is added 1`] = `
.emotion-2 {
  width: 40%;
  margin-left: 10px;
  margin-right: 10px;
  display: inline-block;
}

.emotion-4 {
  display: block;
}

.emotion-1 {
  display: block;
  height: 40px;
  margin: 2px;
}

.emotion-0 {
  float: left;
  height: 2px;
  margin: 2px;
}

<div>
  <div
    className="emotion-1"
  >
    <ol
      aria-label="breadcrumbs"
      className="emotion-0 breadcrumb"
      role="navigation"
    >
      <li
        className="active"
      >
        <span
          id="Home"
          onClick={[Function]}
        >
          Home
        </span>
      </li>
    </ol>
  </div>
  <div
    className="emotion-4"
  >
    <div
      className="emotion-2"
    >
      <h2
        id="leftTitle"
      >
        Queues
      </h2>
      <p
        id="warning"
      >
        No data has been retrieved yet.
      </p>
    </div>
    <div
      className="emotion-2"
    >
      <h2
        id="rightTitle"
      >
        Topics
      </h2>
      <p
        id="warning"
      >
        No data has been retrieved yet.
      </p>
    </div>
  </div>
</div>
`;
