// Jest Snapshot v1, https://goo.gl/fbAQLP

exports[`ConnectionStringConfigForm renders correctly 1`] = `
.emotion-0 {
  color: black;
  margin: 5px;
}

.emotion-3 {
  padding: 5px;
}

.emotion-2 {
  color: black;
  overflow-wrap: break-word;
}

.emotion-1 {
  background: #66b3ff;
}

<form
  className="emotion-3"
>
  <div
    className="form-group"
  >
    <label
      className="control-label"
      htmlFor="connectionString"
    >
      ServiceBus Connection String
    </label>
    <input
      className="form-control"
      id="connectionString"
      onChange={[Function]}
      placeholder="Enter Connection String"
      type="text"
      value="connStringInLocalStorage"
    />
  </div>
  <div
    className="form-group"
  >
    <label
      className="control-label"
      htmlFor="APILocationForm"
    >
      ServiceBus API Server String
    </label>
    <input
      className="form-control"
      id="APILocationForm"
      onChange={[Function]}
      placeholder="API Location, e.g. http://a.com:63591/"
      type="text"
      value="UnformattedAPIRootInLocalStorage"
    />
  </div>
  <button
    className="emotion-0 btn btn-default"
    disabled={false}
    id="connectButton"
    onClick={[Function]}
    type="button"
  >
    Connect
  </button>
  <div>
    <br />
  </div>
  <div
    className="panel panel-default"
  >
    <div
      className="emotion-1 panel-heading"
    >
      ServiceBus Details
    </div>
    <div
      className="emotion-2 panel-body"
    >
      <div>
        Your Connection string: connStringInLocalStorage
      </div>
      <div>
        Name:  
      </div>
      <div>
        Location:  
      </div>
      <div>
        Status:  
      </div>
      <div>
        Permissions:  
      </div>
    </div>
  </div>
</form>
`;
