// Jest Snapshot v1, https://goo.gl/fbAQLP

exports[`renders correctly with given props 1`] = `
.emotion-0 {
  text-align: left;
  padding-left: 15px;
}

.emotion-1 {
  display: inline-block;
  vertical-align: middle;
  padding-top: 2px;
}

<div
  className="emotion-1"
>
  <div
    className="emotion-0 checkbox"
    style={undefined}
  >
    <label
      title=""
    >
      <input
        checked={true}
        disabled={false}
        onChange={[Function]}
        type="checkbox"
      />
    </label>
  </div>
</div>
`;
