// Jest Snapshot v1, https://goo.gl/fbAQLP

exports[`DeleteMessagesButton renders correctly with given props 1`] = `
<div>
  <button
    className="btn btn-danger"
    disabled={false}
    onClick={[Function]}
    type="button"
  >
    Delete ALL messages 
    <span
      className="glyphicon glyphicon-trash"
    />
  </button>
</div>
`;
