// Jest Snapshot v1, https://goo.gl/fbAQLP

exports[`FormattingBox renders correctly with given props 1`] = `
.emotion-0 {
  text-align: left;
}

.emotion-1 {
  white-space: pre-wrap;
}

<div>
  
  
  
  <div
    id="original"
  >
    <p>
      Original Data:
    </p>
    <pre
      className="emotion-0 emotion-1"
      id="originalText"
    >
      test
    </pre>
  </div>
</div>
`;
