// Jest Snapshot v1, https://goo.gl/fbAQLP

exports[`MessageList renders correctly with given props 1`] = `
.emotion-0:hover {
  border: 1px solid #99ccff;
  background-color: #ecf2ff;
}

<div>
  <div
    className="react-bootstrap-table"
  >
    <table
      className="table table-bordered"
      id={undefined}
    >
      <thead>
        <tr
          className={undefined}
        >
          <th
            style={
              Object {
                "textAlign": "center",
                "width": "10%",
              }
            }
          >
            Message Id
          </th>
          <th
            style={
              Object {
                "textAlign": "center",
                "width": "50%",
              }
            }
          >
            Message Body
          </th>
        </tr>
      </thead>
      <tbody>
        <tr
          className="emotion-0"
          onClick={[Function]}
          style={
            Object {
              "backgroundColor": "#99ccff",
            }
          }
        >
          <td />
          <td
            onClick={[Function]}
          >
            &lt;shipto&gt;&lt;name&gt;Ola Nordmann&lt;...
          </td>
        </tr>
        <tr
          className="emotion-0"
          onClick={[Function]}
          style={
            Object {
              "backgroundColor": "#99ccff",
            }
          }
        >
          <td />
          <td
            onClick={[Function]}
          >
            banna
          </td>
        </tr>
      </tbody>
    </table>
  </div>
  <div
    className="static-modal"
  />
</div>
`;
