// Jest Snapshot v1, https://goo.gl/fbAQLP

exports[`renders correctly 1`] = `
<div
  className="css-1bx8h9s"
>
  <form>
    <div
      className="form-group"
      onChange={[Function]}
    >
      <label
        className="control-label"
        htmlFor="formControlsMessageBodyText"
      >
        Body
      </label>
      <textarea
        className="form-control"
        id="formControlsMessageBodyText"
        placeholder="Enter message body"
        type={undefined}
      />
    </div>
  </form>
  <div>
    <form
      className="css-1izshxi"
    >
      <div
        className="form-group"
      >
        <input
          className="form-control"
          id="formControlsText"
          onChange={[Function]}
          placeholder="Enter property name"
          type="text"
          value="test1"
        />
      </div>
      <div
        className="form-group"
      >
        <input
          className="form-control"
          id="formControlsText"
          onChange={[Function]}
          placeholder="Enter property name"
          type="text"
          value="test2"
        />
      </div>
    </form>
    <form
      className="css-1izshxi"
    >
      <div
        className="form-group"
      >
        <input
          className="form-control"
          id="formControlsText"
          onChange={[Function]}
          placeholder="Enter property value"
          type="text"
          value="t1"
        />
      </div>
      <div
        className="form-group"
      >
        <input
          className="form-control"
          id="formControlsText"
          onChange={[Function]}
          placeholder="Enter property value"
          type="text"
          value="t2"
        />
      </div>
    </form>
    <form
      className="css-1izshxi"
    >
      <button
        className="btn btn-default"
        disabled={false}
        id="addNewPropertyButton"
        onClick={[Function]}
        type="button"
      >
        Add New Property
      </button>
    </form>
    <form
      className="css-1izshxi"
    >
      <button
        className="btn btn-default"
        disabled={false}
        id="submitButton"
        onClick={[Function]}
        type="button"
      >
        Submit
      </button>
    </form>
  </div>
</div>
`;
