// Jest Snapshot v1, https://goo.gl/fbAQLP

exports[`MessageList renders correctly with given props 1`] = `
.emotion-4 {
  cursor: pointer;
}

.emotion-0 {
  min-height: 92px;
  height: 92px;
}

.emotion-7 table.table :not(thead) tr:hover {
  border: 1px solid #99ccff;
  background-color: #ecf2ff;
}

<div>
  <div
    className="react-bootstrap-table emotion-7"
  >
    <table
      className="table table-striped table-bordered"
      id={undefined}
    >
      <thead>
        <tr
          className={undefined}
        >
          <th
            className="emotion-0"
            style={
              Object {
                "width": "33%",
              }
            }
          >
            Message Id
          </th>
          <th
            className="emotion-0"
            style={
              Object {
                "width": "33%",
              }
            }
          >
            Message Body
          </th>
          <th
            className="emotion-0"
            style={
              Object {
                "textAlign": "center",
                "width": "34%",
              }
            }
          >
            Timestamp
          </th>
        </tr>
      </thead>
      <tbody>
        <tr
          className="emotion-3 emotion-4"
          onClick={[Function]}
          style={Object {}}
        >
          <td
            onClick={[Function]}
          >
            10
          </td>
          <td
            onClick={[Function]}
          >
            &lt;shipto&gt;&lt;name&gt;Ola Nordmann&lt;...
          </td>
          <td
            onClick={[Function]}
          >
            ##-##-#### ##:##:##
          </td>
        </tr>
        <tr
          className="emotion-3 emotion-4"
          onClick={[Function]}
          style={Object {}}
        >
          <td
            onClick={[Function]}
          >
            11
          </td>
          <td
            onClick={[Function]}
          >
            banna
          </td>
          <td
            onClick={[Function]}
          >
            ##-##-#### ##:##:##
          </td>
        </tr>
      </tbody>
    </table>
  </div>
</div>
`;
