// Jest Snapshot v1, https://goo.gl/fbAQLP

exports[`renders correctly 1`] = `
<div>
  <form>
    <button
      className="btn btn-default"
      disabled={false}
      id="addNewPropertyButton"
      onClick={[Function]}
      type="button"
    >
      Add New Property
    </button>
  </form>
  <form>
    <button
      className="btn btn-default"
      disabled={false}
      id="submitButton"
      onClick={[Function]}
      type="button"
    >
      Submit
    </button>
  </form>
</div>
`;
