// Jest Snapshot v1, https://goo.gl/fbAQLP

exports[`MessageBox renders correctly with given props 1`] = `
ShallowWrapper {
  "length": 1,
  Symbol(enzyme.__root__): [Circular],
  Symbol(enzyme.__unrendered__): <MessageBox
    message={
        Object {
            "customProperties": Object {
              "customProp1": "forty-two",
              "customProp2": 42,
            },
            "messageBody": "Hello world!",
            "predefinedProperties": Object {
              "forcePersistence": false,
              "messageId": "test ID",
              "scheduledEnqueueTimeUtc": "0001-01-01T00:00:00Z",
              "sequenceNumber": 45317471370415620,
              "size": 173,
              "state": "Active",
              "timeToLive": "10675199.02:48:05.4775807",
            },
            "uniqueId": "1a",
          }
    }
    show={true}
/>,
  Symbol(enzyme.__renderer__): Object {
    "batchedUpdates": [Function],
    "getNode": [Function],
    "render": [Function],
    "simulateEvent": [Function],
    "unmount": [Function],
  },
  Symbol(enzyme.__node__): Object {
    "instance": null,
    "key": undefined,
    "nodeType": "host",
    "props": Object {
      "children": <Modal
        animation={true}
        autoFocus={true}
        backdrop={true}
        bsClass="modal"
        dialogComponentClass={[Function]}
        enforceFocus={true}
        id="messageBoxModal"
        keyboard={true}
        manager={
                ModalManager {
                        "add": [Function],
                        "containers": Array [],
                        "data": Array [],
                        "handleContainerOverflow": true,
                        "hideSiblingNodes": true,
                        "isTopModal": [Function],
                        "modals": Array [],
                        "remove": [Function],
                      }
        }
        onHide={[Function]}
        renderBackdrop={[Function]}
        restoreFocus={true}
        show={true}
>
        <ModalHeader
                bsClass="modal-header"
                closeButton={false}
                closeLabel="Close"
        >
                <ModalTitle
                        bsClass="modal-title"
                        className="css-t331nh"
                        componentClass="h4"
                >
                        Message Id: 
                </ModalTitle>
                <ModalTitle
                        bsClass="modal-title"
                        className="css-1myqerw"
                        componentClass="h4"
                >
                        test ID
                </ModalTitle>
        </ModalHeader>
        <ModalBody
                bsClass="modal-body"
                className="css-ykccma"
                componentClass="div"
                id="messageBoxModalBody"
        >
                <CollapsiblePanel
                        panelTitle="Pre-defined Properties"
                >
                        <pre>
                                <p>
                                        forcePersistence: false
                                </p>
                                <p>
                                        scheduledEnqueueTimeUtc: 0001-01-01T00:00:00Z
                                </p>
                                <p>
                                        sequenceNumber: 45317471370415620
                                </p>
                                <p>
                                        size: 173
                                </p>
                                <p>
                                        state: Active
                                </p>
                                <p>
                                        timeToLive: 10675199.02:48:05.4775807
                                </p>
                        </pre>
                </CollapsiblePanel>
                <CollapsiblePanel
                        panelTitle="User-defined Properties"
                >
                        <pre>
                                <p>
                                        customProp1: forty-two
                                </p>
                                <p>
                                        customProp2: 42
                                </p>
                        </pre>
                </CollapsiblePanel>
                <FormattingBox
                        message="Hello world!"
                />
        </ModalBody>
        <ModalFooter
                bsClass="modal-footer"
                componentClass="div"
        >
                <ButtonToolbar
                        bsClass="btn-toolbar"
                        className="css-ue020d"
                >
                        <Button
                                active={false}
                                block={false}
                                bsClass="btn"
                                bsStyle="default"
                                disabled={false}
                                id="messageBoxClose"
                                onClick={undefined}
                        >
                                Close
                        </Button>
                        <CopyTextButton
                                id="messageBoxCopy"
                                text="Hello world!"
                        />
                        <Button
                                active={false}
                                block={false}
                                bsClass="btn"
                                bsStyle="default"
                                disabled={false}
                                id="messageBoxReplayMessage"
                                onClick={[Function]}
                        >
                                Replay Message to demoqueue1
                        </Button>
                </ButtonToolbar>
        </ModalFooter>
</Modal>,
      "className": "static-modal",
    },
    "ref": null,
    "rendered": Object {
      "instance": null,
      "key": undefined,
      "nodeType": "class",
      "props": Object {
        "animation": true,
        "autoFocus": true,
        "backdrop": true,
        "bsClass": "modal",
        "children": Array [
          <ModalHeader
            bsClass="modal-header"
            closeButton={false}
            closeLabel="Close"
>
            <ModalTitle
                        bsClass="modal-title"
                        className="css-t331nh"
                        componentClass="h4"
            >
                        Message Id: 
            </ModalTitle>
            <ModalTitle
                        bsClass="modal-title"
                        className="css-1myqerw"
                        componentClass="h4"
            >
                        test ID
            </ModalTitle>
</ModalHeader>,
          <ModalBody
            bsClass="modal-body"
            className="css-ykccma"
            componentClass="div"
            id="messageBoxModalBody"
>
            <CollapsiblePanel
                        panelTitle="Pre-defined Properties"
            >
                        <pre>
                                    <p>
                                                forcePersistence: false
                                    </p>
                                    <p>
                                                scheduledEnqueueTimeUtc: 0001-01-01T00:00:00Z
                                    </p>
                                    <p>
                                                sequenceNumber: 45317471370415620
                                    </p>
                                    <p>
                                                size: 173
                                    </p>
                                    <p>
                                                state: Active
                                    </p>
                                    <p>
                                                timeToLive: 10675199.02:48:05.4775807
                                    </p>
                        </pre>
            </CollapsiblePanel>
            <CollapsiblePanel
                        panelTitle="User-defined Properties"
            >
                        <pre>
                                    <p>
                                                customProp1: forty-two
                                    </p>
                                    <p>
                                                customProp2: 42
                                    </p>
                        </pre>
            </CollapsiblePanel>
            <FormattingBox
                        message="Hello world!"
            />
</ModalBody>,
          <ModalFooter
            bsClass="modal-footer"
            componentClass="div"
>
            <ButtonToolbar
                        bsClass="btn-toolbar"
                        className="css-ue020d"
            >
                        <Button
                                    active={false}
                                    block={false}
                                    bsClass="btn"
                                    bsStyle="default"
                                    disabled={false}
                                    id="messageBoxClose"
                                    onClick={undefined}
                        >
                                    Close
                        </Button>
                        <CopyTextButton
                                    id="messageBoxCopy"
                                    text="Hello world!"
                        />
                        <Button
                                    active={false}
                                    block={false}
                                    bsClass="btn"
                                    bsStyle="default"
                                    disabled={false}
                                    id="messageBoxReplayMessage"
                                    onClick={[Function]}
                        >
                                    Replay Message to demoqueue1
                        </Button>
            </ButtonToolbar>
</ModalFooter>,
        ],
        "dialogComponentClass": [Function],
        "enforceFocus": true,
        "id": "messageBoxModal",
        "keyboard": true,
        "manager": ModalManager {
          "add": [Function],
          "containers": Array [],
          "data": Array [],
          "handleContainerOverflow": true,
          "hideSiblingNodes": true,
          "isTopModal": [Function],
          "modals": Array [],
          "remove": [Function],
        },
        "onHide": [Function],
        "renderBackdrop": [Function],
        "restoreFocus": true,
        "show": true,
      },
      "ref": null,
      "rendered": Array [
        Object {
          "instance": null,
          "key": undefined,
          "nodeType": "class",
          "props": Object {
            "bsClass": "modal-header",
            "children": Array [
              <ModalTitle
                bsClass="modal-title"
                className="css-t331nh"
                componentClass="h4"
>
                Message Id: 
</ModalTitle>,
              <ModalTitle
                bsClass="modal-title"
                className="css-1myqerw"
                componentClass="h4"
>
                test ID
</ModalTitle>,
            ],
            "closeButton": false,
            "closeLabel": "Close",
          },
          "ref": null,
          "rendered": Array [
            Object {
              "instance": null,
              "key": undefined,
              "nodeType": "class",
              "props": Object {
                "bsClass": "modal-title",
                "children": "Message Id: ",
                "className": "css-t331nh",
                "componentClass": "h4",
              },
              "ref": null,
              "rendered": "Message Id: ",
              "type": [Function],
            },
            Object {
              "instance": null,
              "key": undefined,
              "nodeType": "class",
              "props": Object {
                "bsClass": "modal-title",
                "children": "test ID",
                "className": "css-1myqerw",
                "componentClass": "h4",
              },
              "ref": null,
              "rendered": "test ID",
              "type": [Function],
            },
          ],
          "type": [Function],
        },
        Object {
          "instance": null,
          "key": undefined,
          "nodeType": "class",
          "props": Object {
            "bsClass": "modal-body",
            "children": Array [
              <CollapsiblePanel
                panelTitle="Pre-defined Properties"
>
                <pre>
                                <p>
                                                forcePersistence: false
                                </p>
                                <p>
                                                scheduledEnqueueTimeUtc: 0001-01-01T00:00:00Z
                                </p>
                                <p>
                                                sequenceNumber: 45317471370415620
                                </p>
                                <p>
                                                size: 173
                                </p>
                                <p>
                                                state: Active
                                </p>
                                <p>
                                                timeToLive: 10675199.02:48:05.4775807
                                </p>
                </pre>
</CollapsiblePanel>,
              <CollapsiblePanel
                panelTitle="User-defined Properties"
>
                <pre>
                                <p>
                                                customProp1: forty-two
                                </p>
                                <p>
                                                customProp2: 42
                                </p>
                </pre>
</CollapsiblePanel>,
              <FormattingBox
                message="Hello world!"
/>,
            ],
            "className": "css-ykccma",
            "componentClass": "div",
            "id": "messageBoxModalBody",
          },
          "ref": null,
          "rendered": Array [
            Object {
              "instance": null,
              "key": undefined,
              "nodeType": "class",
              "props": Object {
                "children": <pre>
                  <p>
                                    forcePersistence: false
                  </p>
                  <p>
                                    scheduledEnqueueTimeUtc: 0001-01-01T00:00:00Z
                  </p>
                  <p>
                                    sequenceNumber: 45317471370415620
                  </p>
                  <p>
                                    size: 173
                  </p>
                  <p>
                                    state: Active
                  </p>
                  <p>
                                    timeToLive: 10675199.02:48:05.4775807
                  </p>
</pre>,
                "panelTitle": "Pre-defined Properties",
              },
              "ref": null,
              "rendered": Object {
                "instance": null,
                "key": undefined,
                "nodeType": "host",
                "props": Object {
                  "children": Array [
                    <p>
                      forcePersistence: false
</p>,
                    <p>
                      scheduledEnqueueTimeUtc: 0001-01-01T00:00:00Z
</p>,
                    <p>
                      sequenceNumber: 45317471370415620
</p>,
                    <p>
                      size: 173
</p>,
                    <p>
                      state: Active
</p>,
                    <p>
                      timeToLive: 10675199.02:48:05.4775807
</p>,
                  ],
                },
                "ref": null,
                "rendered": Array [
                  Object {
                    "instance": null,
                    "key": "forcePersistence",
                    "nodeType": "host",
                    "props": Object {
                      "children": "forcePersistence: false",
                    },
                    "ref": null,
                    "rendered": "forcePersistence: false",
                    "type": "p",
                  },
                  Object {
                    "instance": null,
                    "key": "scheduledEnqueueTimeUtc",
                    "nodeType": "host",
                    "props": Object {
                      "children": "scheduledEnqueueTimeUtc: 0001-01-01T00:00:00Z",
                    },
                    "ref": null,
                    "rendered": "scheduledEnqueueTimeUtc: 0001-01-01T00:00:00Z",
                    "type": "p",
                  },
                  Object {
                    "instance": null,
                    "key": "sequenceNumber",
                    "nodeType": "host",
                    "props": Object {
                      "children": "sequenceNumber: 45317471370415620",
                    },
                    "ref": null,
                    "rendered": "sequenceNumber: 45317471370415620",
                    "type": "p",
                  },
                  Object {
                    "instance": null,
                    "key": "size",
                    "nodeType": "host",
                    "props": Object {
                      "children": "size: 173",
                    },
                    "ref": null,
                    "rendered": "size: 173",
                    "type": "p",
                  },
                  Object {
                    "instance": null,
                    "key": "state",
                    "nodeType": "host",
                    "props": Object {
                      "children": "state: Active",
                    },
                    "ref": null,
                    "rendered": "state: Active",
                    "type": "p",
                  },
                  Object {
                    "instance": null,
                    "key": "timeToLive",
                    "nodeType": "host",
                    "props": Object {
                      "children": "timeToLive: 10675199.02:48:05.4775807",
                    },
                    "ref": null,
                    "rendered": "timeToLive: 10675199.02:48:05.4775807",
                    "type": "p",
                  },
                ],
                "type": "pre",
              },
              "type": [Function],
            },
            Object {
              "instance": null,
              "key": undefined,
              "nodeType": "class",
              "props": Object {
                "children": <pre>
                  <p>
                                    customProp1: forty-two
                  </p>
                  <p>
                                    customProp2: 42
                  </p>
</pre>,
                "panelTitle": "User-defined Properties",
              },
              "ref": null,
              "rendered": Object {
                "instance": null,
                "key": undefined,
                "nodeType": "host",
                "props": Object {
                  "children": Array [
                    <p>
                      customProp1: forty-two
</p>,
                    <p>
                      customProp2: 42
</p>,
                  ],
                },
                "ref": null,
                "rendered": Array [
                  Object {
                    "instance": null,
                    "key": "customProp1",
                    "nodeType": "host",
                    "props": Object {
                      "children": "customProp1: forty-two",
                    },
                    "ref": null,
                    "rendered": "customProp1: forty-two",
                    "type": "p",
                  },
                  Object {
                    "instance": null,
                    "key": "customProp2",
                    "nodeType": "host",
                    "props": Object {
                      "children": "customProp2: 42",
                    },
                    "ref": null,
                    "rendered": "customProp2: 42",
                    "type": "p",
                  },
                ],
                "type": "pre",
              },
              "type": [Function],
            },
            Object {
              "instance": null,
              "key": undefined,
              "nodeType": "class",
              "props": Object {
                "message": "Hello world!",
              },
              "ref": null,
              "rendered": null,
              "type": [Function],
            },
          ],
          "type": [Function],
        },
        Object {
          "instance": null,
          "key": undefined,
          "nodeType": "class",
          "props": Object {
            "bsClass": "modal-footer",
            "children": <ButtonToolbar
              bsClass="btn-toolbar"
              className="css-ue020d"
>
              <Button
                            active={false}
                            block={false}
                            bsClass="btn"
                            bsStyle="default"
                            disabled={false}
                            id="messageBoxClose"
                            onClick={undefined}
              >
                            Close
              </Button>
              <CopyTextButton
                            id="messageBoxCopy"
                            text="Hello world!"
              />
              <Button
                            active={false}
                            block={false}
                            bsClass="btn"
                            bsStyle="default"
                            disabled={false}
                            id="messageBoxReplayMessage"
                            onClick={[Function]}
              >
                            Replay Message to demoqueue1
              </Button>
</ButtonToolbar>,
            "componentClass": "div",
          },
          "ref": null,
          "rendered": Object {
            "instance": null,
            "key": undefined,
            "nodeType": "class",
            "props": Object {
              "bsClass": "btn-toolbar",
              "children": Array [
                <Button
                  active={false}
                  block={false}
                  bsClass="btn"
                  bsStyle="default"
                  disabled={false}
                  id="messageBoxClose"
                  onClick={undefined}
>
                  Close
</Button>,
                <CopyTextButton
                  id="messageBoxCopy"
                  text="Hello world!"
/>,
                <Button
                  active={false}
                  block={false}
                  bsClass="btn"
                  bsStyle="default"
                  disabled={false}
                  id="messageBoxReplayMessage"
                  onClick={[Function]}
>
                  Replay Message to demoqueue1
</Button>,
              ],
              "className": "css-ue020d",
            },
            "ref": null,
            "rendered": Array [
              Object {
                "instance": null,
                "key": undefined,
                "nodeType": "class",
                "props": Object {
                  "active": false,
                  "block": false,
                  "bsClass": "btn",
                  "bsStyle": "default",
                  "children": "Close",
                  "disabled": false,
                  "id": "messageBoxClose",
                  "onClick": undefined,
                },
                "ref": null,
                "rendered": "Close",
                "type": [Function],
              },
              Object {
                "instance": null,
                "key": undefined,
                "nodeType": "class",
                "props": Object {
                  "id": "messageBoxCopy",
                  "text": "Hello world!",
                },
                "ref": null,
                "rendered": null,
                "type": [Function],
              },
              Object {
                "instance": null,
                "key": undefined,
                "nodeType": "class",
                "props": Object {
                  "active": false,
                  "block": false,
                  "bsClass": "btn",
                  "bsStyle": "default",
                  "children": "Replay Message to demoqueue1",
                  "disabled": false,
                  "id": "messageBoxReplayMessage",
                  "onClick": [Function],
                },
                "ref": null,
                "rendered": "Replay Message to demoqueue1",
                "type": [Function],
              },
            ],
            "type": [Function],
          },
          "type": [Function],
        },
      ],
      "type": [Function],
    },
    "type": "div",
  },
  Symbol(enzyme.__nodes__): Array [
    Object {
      "instance": null,
      "key": undefined,
      "nodeType": "host",
      "props": Object {
        "children": <Modal
          animation={true}
          autoFocus={true}
          backdrop={true}
          bsClass="modal"
          dialogComponentClass={[Function]}
          enforceFocus={true}
          id="messageBoxModal"
          keyboard={true}
          manager={
                    ModalManager {
                              "add": [Function],
                              "containers": Array [],
                              "data": Array [],
                              "handleContainerOverflow": true,
                              "hideSiblingNodes": true,
                              "isTopModal": [Function],
                              "modals": Array [],
                              "remove": [Function],
                            }
          }
          onHide={[Function]}
          renderBackdrop={[Function]}
          restoreFocus={true}
          show={true}
>
          <ModalHeader
                    bsClass="modal-header"
                    closeButton={false}
                    closeLabel="Close"
          >
                    <ModalTitle
                              bsClass="modal-title"
                              className="css-t331nh"
                              componentClass="h4"
                    >
                              Message Id: 
                    </ModalTitle>
                    <ModalTitle
                              bsClass="modal-title"
                              className="css-1myqerw"
                              componentClass="h4"
                    >
                              test ID
                    </ModalTitle>
          </ModalHeader>
          <ModalBody
                    bsClass="modal-body"
                    className="css-ykccma"
                    componentClass="div"
                    id="messageBoxModalBody"
          >
                    <CollapsiblePanel
                              panelTitle="Pre-defined Properties"
                    >
                              <pre>
                                        <p>
                                                  forcePersistence: false
                                        </p>
                                        <p>
                                                  scheduledEnqueueTimeUtc: 0001-01-01T00:00:00Z
                                        </p>
                                        <p>
                                                  sequenceNumber: 45317471370415620
                                        </p>
                                        <p>
                                                  size: 173
                                        </p>
                                        <p>
                                                  state: Active
                                        </p>
                                        <p>
                                                  timeToLive: 10675199.02:48:05.4775807
                                        </p>
                              </pre>
                    </CollapsiblePanel>
                    <CollapsiblePanel
                              panelTitle="User-defined Properties"
                    >
                              <pre>
                                        <p>
                                                  customProp1: forty-two
                                        </p>
                                        <p>
                                                  customProp2: 42
                                        </p>
                              </pre>
                    </CollapsiblePanel>
                    <FormattingBox
                              message="Hello world!"
                    />
          </ModalBody>
          <ModalFooter
                    bsClass="modal-footer"
                    componentClass="div"
          >
                    <ButtonToolbar
                              bsClass="btn-toolbar"
                              className="css-ue020d"
                    >
                              <Button
                                        active={false}
                                        block={false}
                                        bsClass="btn"
                                        bsStyle="default"
                                        disabled={false}
                                        id="messageBoxClose"
                                        onClick={undefined}
                              >
                                        Close
                              </Button>
                              <CopyTextButton
                                        id="messageBoxCopy"
                                        text="Hello world!"
                              />
                              <Button
                                        active={false}
                                        block={false}
                                        bsClass="btn"
                                        bsStyle="default"
                                        disabled={false}
                                        id="messageBoxReplayMessage"
                                        onClick={[Function]}
                              >
                                        Replay Message to demoqueue1
                              </Button>
                    </ButtonToolbar>
          </ModalFooter>
</Modal>,
        "className": "static-modal",
      },
      "ref": null,
      "rendered": Object {
        "instance": null,
        "key": undefined,
        "nodeType": "class",
        "props": Object {
          "animation": true,
          "autoFocus": true,
          "backdrop": true,
          "bsClass": "modal",
          "children": Array [
            <ModalHeader
              bsClass="modal-header"
              closeButton={false}
              closeLabel="Close"
>
              <ModalTitle
                            bsClass="modal-title"
                            className="css-t331nh"
                            componentClass="h4"
              >
                            Message Id: 
              </ModalTitle>
              <ModalTitle
                            bsClass="modal-title"
                            className="css-1myqerw"
                            componentClass="h4"
              >
                            test ID
              </ModalTitle>
</ModalHeader>,
            <ModalBody
              bsClass="modal-body"
              className="css-ykccma"
              componentClass="div"
              id="messageBoxModalBody"
>
              <CollapsiblePanel
                            panelTitle="Pre-defined Properties"
              >
                            <pre>
                                          <p>
                                                        forcePersistence: false
                                          </p>
                                          <p>
                                                        scheduledEnqueueTimeUtc: 0001-01-01T00:00:00Z
                                          </p>
                                          <p>
                                                        sequenceNumber: 45317471370415620
                                          </p>
                                          <p>
                                                        size: 173
                                          </p>
                                          <p>
                                                        state: Active
                                          </p>
                                          <p>
                                                        timeToLive: 10675199.02:48:05.4775807
                                          </p>
                            </pre>
              </CollapsiblePanel>
              <CollapsiblePanel
                            panelTitle="User-defined Properties"
              >
                            <pre>
                                          <p>
                                                        customProp1: forty-two
                                          </p>
                                          <p>
                                                        customProp2: 42
                                          </p>
                            </pre>
              </CollapsiblePanel>
              <FormattingBox
                            message="Hello world!"
              />
</ModalBody>,
            <ModalFooter
              bsClass="modal-footer"
              componentClass="div"
>
              <ButtonToolbar
                            bsClass="btn-toolbar"
                            className="css-ue020d"
              >
                            <Button
                                          active={false}
                                          block={false}
                                          bsClass="btn"
                                          bsStyle="default"
                                          disabled={false}
                                          id="messageBoxClose"
                                          onClick={undefined}
                            >
                                          Close
                            </Button>
                            <CopyTextButton
                                          id="messageBoxCopy"
                                          text="Hello world!"
                            />
                            <Button
                                          active={false}
                                          block={false}
                                          bsClass="btn"
                                          bsStyle="default"
                                          disabled={false}
                                          id="messageBoxReplayMessage"
                                          onClick={[Function]}
                            >
                                          Replay Message to demoqueue1
                            </Button>
              </ButtonToolbar>
</ModalFooter>,
          ],
          "dialogComponentClass": [Function],
          "enforceFocus": true,
          "id": "messageBoxModal",
          "keyboard": true,
          "manager": ModalManager {
            "add": [Function],
            "containers": Array [],
            "data": Array [],
            "handleContainerOverflow": true,
            "hideSiblingNodes": true,
            "isTopModal": [Function],
            "modals": Array [],
            "remove": [Function],
          },
          "onHide": [Function],
          "renderBackdrop": [Function],
          "restoreFocus": true,
          "show": true,
        },
        "ref": null,
        "rendered": Array [
          Object {
            "instance": null,
            "key": undefined,
            "nodeType": "class",
            "props": Object {
              "bsClass": "modal-header",
              "children": Array [
                <ModalTitle
                  bsClass="modal-title"
                  className="css-t331nh"
                  componentClass="h4"
>
                  Message Id: 
</ModalTitle>,
                <ModalTitle
                  bsClass="modal-title"
                  className="css-1myqerw"
                  componentClass="h4"
>
                  test ID
</ModalTitle>,
              ],
              "closeButton": false,
              "closeLabel": "Close",
            },
            "ref": null,
            "rendered": Array [
              Object {
                "instance": null,
                "key": undefined,
                "nodeType": "class",
                "props": Object {
                  "bsClass": "modal-title",
                  "children": "Message Id: ",
                  "className": "css-t331nh",
                  "componentClass": "h4",
                },
                "ref": null,
                "rendered": "Message Id: ",
                "type": [Function],
              },
              Object {
                "instance": null,
                "key": undefined,
                "nodeType": "class",
                "props": Object {
                  "bsClass": "modal-title",
                  "children": "test ID",
                  "className": "css-1myqerw",
                  "componentClass": "h4",
                },
                "ref": null,
                "rendered": "test ID",
                "type": [Function],
              },
            ],
            "type": [Function],
          },
          Object {
            "instance": null,
            "key": undefined,
            "nodeType": "class",
            "props": Object {
              "bsClass": "modal-body",
              "children": Array [
                <CollapsiblePanel
                  panelTitle="Pre-defined Properties"
>
                  <pre>
                                    <p>
                                                      forcePersistence: false
                                    </p>
                                    <p>
                                                      scheduledEnqueueTimeUtc: 0001-01-01T00:00:00Z
                                    </p>
                                    <p>
                                                      sequenceNumber: 45317471370415620
                                    </p>
                                    <p>
                                                      size: 173
                                    </p>
                                    <p>
                                                      state: Active
                                    </p>
                                    <p>
                                                      timeToLive: 10675199.02:48:05.4775807
                                    </p>
                  </pre>
</CollapsiblePanel>,
                <CollapsiblePanel
                  panelTitle="User-defined Properties"
>
                  <pre>
                                    <p>
                                                      customProp1: forty-two
                                    </p>
                                    <p>
                                                      customProp2: 42
                                    </p>
                  </pre>
</CollapsiblePanel>,
                <FormattingBox
                  message="Hello world!"
/>,
              ],
              "className": "css-ykccma",
              "componentClass": "div",
              "id": "messageBoxModalBody",
            },
            "ref": null,
            "rendered": Array [
              Object {
                "instance": null,
                "key": undefined,
                "nodeType": "class",
                "props": Object {
                  "children": <pre>
                    <p>
                                        forcePersistence: false
                    </p>
                    <p>
                                        scheduledEnqueueTimeUtc: 0001-01-01T00:00:00Z
                    </p>
                    <p>
                                        sequenceNumber: 45317471370415620
                    </p>
                    <p>
                                        size: 173
                    </p>
                    <p>
                                        state: Active
                    </p>
                    <p>
                                        timeToLive: 10675199.02:48:05.4775807
                    </p>
</pre>,
                  "panelTitle": "Pre-defined Properties",
                },
                "ref": null,
                "rendered": Object {
                  "instance": null,
                  "key": undefined,
                  "nodeType": "host",
                  "props": Object {
                    "children": Array [
                      <p>
                        forcePersistence: false
</p>,
                      <p>
                        scheduledEnqueueTimeUtc: 0001-01-01T00:00:00Z
</p>,
                      <p>
                        sequenceNumber: 45317471370415620
</p>,
                      <p>
                        size: 173
</p>,
                      <p>
                        state: Active
</p>,
                      <p>
                        timeToLive: 10675199.02:48:05.4775807
</p>,
                    ],
                  },
                  "ref": null,
                  "rendered": Array [
                    Object {
                      "instance": null,
                      "key": "forcePersistence",
                      "nodeType": "host",
                      "props": Object {
                        "children": "forcePersistence: false",
                      },
                      "ref": null,
                      "rendered": "forcePersistence: false",
                      "type": "p",
                    },
                    Object {
                      "instance": null,
                      "key": "scheduledEnqueueTimeUtc",
                      "nodeType": "host",
                      "props": Object {
                        "children": "scheduledEnqueueTimeUtc: 0001-01-01T00:00:00Z",
                      },
                      "ref": null,
                      "rendered": "scheduledEnqueueTimeUtc: 0001-01-01T00:00:00Z",
                      "type": "p",
                    },
                    Object {
                      "instance": null,
                      "key": "sequenceNumber",
                      "nodeType": "host",
                      "props": Object {
                        "children": "sequenceNumber: 45317471370415620",
                      },
                      "ref": null,
                      "rendered": "sequenceNumber: 45317471370415620",
                      "type": "p",
                    },
                    Object {
                      "instance": null,
                      "key": "size",
                      "nodeType": "host",
                      "props": Object {
                        "children": "size: 173",
                      },
                      "ref": null,
                      "rendered": "size: 173",
                      "type": "p",
                    },
                    Object {
                      "instance": null,
                      "key": "state",
                      "nodeType": "host",
                      "props": Object {
                        "children": "state: Active",
                      },
                      "ref": null,
                      "rendered": "state: Active",
                      "type": "p",
                    },
                    Object {
                      "instance": null,
                      "key": "timeToLive",
                      "nodeType": "host",
                      "props": Object {
                        "children": "timeToLive: 10675199.02:48:05.4775807",
                      },
                      "ref": null,
                      "rendered": "timeToLive: 10675199.02:48:05.4775807",
                      "type": "p",
                    },
                  ],
                  "type": "pre",
                },
                "type": [Function],
              },
              Object {
                "instance": null,
                "key": undefined,
                "nodeType": "class",
                "props": Object {
                  "children": <pre>
                    <p>
                                        customProp1: forty-two
                    </p>
                    <p>
                                        customProp2: 42
                    </p>
</pre>,
                  "panelTitle": "User-defined Properties",
                },
                "ref": null,
                "rendered": Object {
                  "instance": null,
                  "key": undefined,
                  "nodeType": "host",
                  "props": Object {
                    "children": Array [
                      <p>
                        customProp1: forty-two
</p>,
                      <p>
                        customProp2: 42
</p>,
                    ],
                  },
                  "ref": null,
                  "rendered": Array [
                    Object {
                      "instance": null,
                      "key": "customProp1",
                      "nodeType": "host",
                      "props": Object {
                        "children": "customProp1: forty-two",
                      },
                      "ref": null,
                      "rendered": "customProp1: forty-two",
                      "type": "p",
                    },
                    Object {
                      "instance": null,
                      "key": "customProp2",
                      "nodeType": "host",
                      "props": Object {
                        "children": "customProp2: 42",
                      },
                      "ref": null,
                      "rendered": "customProp2: 42",
                      "type": "p",
                    },
                  ],
                  "type": "pre",
                },
                "type": [Function],
              },
              Object {
                "instance": null,
                "key": undefined,
                "nodeType": "class",
                "props": Object {
                  "message": "Hello world!",
                },
                "ref": null,
                "rendered": null,
                "type": [Function],
              },
            ],
            "type": [Function],
          },
          Object {
            "instance": null,
            "key": undefined,
            "nodeType": "class",
            "props": Object {
              "bsClass": "modal-footer",
              "children": <ButtonToolbar
                bsClass="btn-toolbar"
                className="css-ue020d"
>
                <Button
                                active={false}
                                block={false}
                                bsClass="btn"
                                bsStyle="default"
                                disabled={false}
                                id="messageBoxClose"
                                onClick={undefined}
                >
                                Close
                </Button>
                <CopyTextButton
                                id="messageBoxCopy"
                                text="Hello world!"
                />
                <Button
                                active={false}
                                block={false}
                                bsClass="btn"
                                bsStyle="default"
                                disabled={false}
                                id="messageBoxReplayMessage"
                                onClick={[Function]}
                >
                                Replay Message to demoqueue1
                </Button>
</ButtonToolbar>,
              "componentClass": "div",
            },
            "ref": null,
            "rendered": Object {
              "instance": null,
              "key": undefined,
              "nodeType": "class",
              "props": Object {
                "bsClass": "btn-toolbar",
                "children": Array [
                  <Button
                    active={false}
                    block={false}
                    bsClass="btn"
                    bsStyle="default"
                    disabled={false}
                    id="messageBoxClose"
                    onClick={undefined}
>
                    Close
</Button>,
                  <CopyTextButton
                    id="messageBoxCopy"
                    text="Hello world!"
/>,
                  <Button
                    active={false}
                    block={false}
                    bsClass="btn"
                    bsStyle="default"
                    disabled={false}
                    id="messageBoxReplayMessage"
                    onClick={[Function]}
>
                    Replay Message to demoqueue1
</Button>,
                ],
                "className": "css-ue020d",
              },
              "ref": null,
              "rendered": Array [
                Object {
                  "instance": null,
                  "key": undefined,
                  "nodeType": "class",
                  "props": Object {
                    "active": false,
                    "block": false,
                    "bsClass": "btn",
                    "bsStyle": "default",
                    "children": "Close",
                    "disabled": false,
                    "id": "messageBoxClose",
                    "onClick": undefined,
                  },
                  "ref": null,
                  "rendered": "Close",
                  "type": [Function],
                },
                Object {
                  "instance": null,
                  "key": undefined,
                  "nodeType": "class",
                  "props": Object {
                    "id": "messageBoxCopy",
                    "text": "Hello world!",
                  },
                  "ref": null,
                  "rendered": null,
                  "type": [Function],
                },
                Object {
                  "instance": null,
                  "key": undefined,
                  "nodeType": "class",
                  "props": Object {
                    "active": false,
                    "block": false,
                    "bsClass": "btn",
                    "bsStyle": "default",
                    "children": "Replay Message to demoqueue1",
                    "disabled": false,
                    "id": "messageBoxReplayMessage",
                    "onClick": [Function],
                  },
                  "ref": null,
                  "rendered": "Replay Message to demoqueue1",
                  "type": [Function],
                },
              ],
              "type": [Function],
            },
            "type": [Function],
          },
        ],
        "type": [Function],
      },
      "type": "div",
    },
  ],
  Symbol(enzyme.__options__): Object {
    "adapter": ReactSixteenAdapter {
      "options": Object {
        "enableComponentDidUpdateOnSetState": true,
      },
    },
  },
}
`;
