// Jest Snapshot v1, https://goo.gl/fbAQLP

exports[`renders correctly 1`] = `
<div
  className="css-x580p"
>
  <div />
  <form>
    <button
      className="btn btn-default"
      disabled={false}
      onClick={[Function]}
      type="button"
    >
      Add new property
    </button>
  </form>
  <div />
  <form>
    <button
      className="btn btn-default"
      disabled={false}
      onClick={[Function]}
      type="button"
    >
      Add new dropdown
    </button>
  </form>
  <form>
    <div
      className="form-group"
      onChange={[Function]}
    >
      <label
        className="control-label"
        htmlFor="formControlsMessageBodyText"
      >
        Body
      </label>
      <textarea
        className="form-control"
        id="formControlsMessageBodyText"
        placeholder="Enter message body"
        type={undefined}
      />
    </div>
  </form>
  <form>
    <button
      className="btn btn-default"
      disabled={false}
      onClick={[Function]}
      type="button"
    >
      Submit
    </button>
  </form>
</div>
`;
