// Jest Snapshot v1, https://goo.gl/fbAQLP

exports[`renders correctly with given props 1`] = `
.emotion-2 {
  width: 14%;
  float: left;
  padding-left: 5px;
}

.emotion-3 {
  padding-left: 10px;
}

.emotion-1 {
  text-align: left;
  padding-left: 15px;
}

.emotion-0 {
  padding-left: 5px;
}

<div>
  <p
    className="emotion-1"
  >
    bool data
    <span
      className="emotion-0 glyphicon glyphicon-info-sign"
      onBlur={[Function]}
      onClick={null}
      onFocus={[Function]}
      onMouseOut={[Function]}
      onMouseOver={[Function]}
    />
  </p>
  <form
    className="emotion-3"
  >
    <div
      className="emotion-2 form-group"
    >
      <input
        className="form-control"
        id={undefined}
        onChange={[Function]}
        placeholder="Enter Number"
        type="number"
        value={42}
      />
    </div>
  </form>
</div>
`;
