// Jest Snapshot v1, https://goo.gl/fbAQLP

exports[`PrettyXMLBox renders correctly with given props 1`] = `
<div>
   
  <div
    className="alert alert-danger"
    role="alert"
  >
    <p>
      The XML formatter threw an error whilst trying to format the text of this data: 'TypeError: Cannot read property 'match' of undefined'
    </p>
  </div>
  <div>
    <p>
      Original Data:
    </p>
    <pre
      className="css-40hyzg"
    />
  </div>
   
</div>
`;
