// Jest Snapshot v1, https://goo.gl/fbAQLP

exports[`PurgeMessagesButton renders correctly with given props 1`] = `
<button
  className="btn btn-danger"
  disabled={false}
  onClick={[Function]}
  style={Object {}}
  type="button"
>
  <span>
    Purge Messages 
    <span
      className="glyphicon glyphicon-trash"
    />
  </span>
</button>
`;
