// Jest Snapshot v1, https://goo.gl/fbAQLP

exports[`QueueList renders correctly with given props 1`] = `
.emotion-0:hover {
  border: 1px solid #99ccff;
  background-color: #ecf2ff !important;
}

.emotion-1 {
  cursor: pointer;
}

<div
  className="react-bootstrap-table"
>
  <table
    className="table table-striped table-bordered"
    id={undefined}
  >
    <thead>
      <tr
        className={undefined}
      >
        <th
          style={
            Object {
              "height": "92px",
              "width": "25%",
            }
          }
        >
          Name
        </th>
        <th
          style={
            Object {
              "height": "92px",
              "width": "25%",
            }
          }
        >
          Active Message Count
        </th>
        <th
          style={
            Object {
              "height": "92px",
              "width": "25%",
            }
          }
        >
          Deadletter Message Count
        </th>
        <th
          style={
            Object {
              "height": "92px",
              "width": "25%",
            }
          }
        >
          Most Recent Dead Letter
        </th>
      </tr>
    </thead>
    <tbody>
      <tr
        className="emotion-0 emotion-1"
        onClick={[Function]}
        style={Object {}}
      >
        <td>
          q1
        </td>
        <td
          onClick={[Function]}
        >
          12
        </td>
        <td
          onClick={[Function]}
        >
          14
        </td>
        <td
          onClick={[Function]}
        />
      </tr>
      <tr
        className="emotion-0 emotion-1"
        onClick={[Function]}
        style={Object {}}
      >
        <td>
          q2
        </td>
        <td
          onClick={[Function]}
        >
          11
        </td>
        <td
          onClick={[Function]}
        >
          15
        </td>
        <td
          onClick={[Function]}
        />
      </tr>
      <tr
        className="emotion-0 emotion-1"
        onClick={[Function]}
        style={Object {}}
      >
        <td>
          q3
        </td>
        <td
          onClick={[Function]}
        >
          14
        </td>
        <td
          onClick={[Function]}
        >
          16
        </td>
        <td
          onClick={[Function]}
        />
      </tr>
    </tbody>
  </table>
</div>
`;
