// Jest Snapshot v1, https://goo.gl/fbAQLP

exports[`TopicList renders correctly with given props 1`] = `
.emotion-0:hover {
  border: 1px solid #99ccff;
  background-color: #ecf2ff;
}

<div
  className="react-bootstrap-table"
>
  <table
    className="table table-bordered"
    id={undefined}
  >
    <thead>
      <tr
        className={undefined}
      >
        <th
          style={
            Object {
              "textAlign": "center",
              "width": "34%",
            }
          }
        >
          Topic Name
        </th>
        <th
          style={
            Object {
              "textAlign": "center",
              "width": "33%",
            }
          }
        >
          number of subscriptions
        </th>
        <th
          style={
            Object {
              "textAlign": "center",
              "width": "33%",
            }
          }
        >
          Status
        </th>
      </tr>
    </thead>
    <tbody>
      <tr
        className="emotion-0"
        onClick={[Function]}
        style={Object {}}
      >
        <td>
          topic 1
        </td>
        <td
          onClick={[Function]}
        >
          10
        </td>
        <td
          onClick={[Function]}
        >
          okay
        </td>
      </tr>
      <tr
        className="emotion-0"
        onClick={[Function]}
        style={Object {}}
      >
        <td>
          topic 2
        </td>
        <td
          onClick={[Function]}
        >
          12
        </td>
        <td
          onClick={[Function]}
        >
          okay
        </td>
      </tr>
    </tbody>
  </table>
</div>
`;
